2026-09-29 17:32:10 start FOREXCOM:AUDJPY BUY 5m dec=3 ref=AUDJPY20260929C1630 base_stop=109.945 h1_invalid=109.941 run=AUDJPY_BUY_5m_C1630 pid=1223003
2026-09-29 17:32:10 EVENT {"type": "A_set", "symbol": "FOREXCOM:AUDJPY", "side": "BUY", "tf": "5m", "leg": 1, "candle_time_tehran": "2026-09-29 17:25", "candle_close_tehran": "2026-09-29 17:30", "candle_ts": 1790690100, "A": 110.096, "atr": 0.04995858, "entry": null, "sl": null, "tp": null, "a_candle_counts_as_move": false, "note": "reference low of order-time candle (red)", "emitted_at": "2026-09-29 17:32:10"}
2026-09-29 17:32:11 H1 baseline: last closed H1 2026-09-29 16:30 close 110.101
2026-09-29 17:35:02 candle 2026-09-29 17:30 O 110.101 H 110.112 L 110.0535 C 110.0725 bear
2026-09-29 17:35:02 EVENT {"type": "A_reset", "symbol": "FOREXCOM:AUDJPY", "side": "BUY", "tf": "5m", "leg": 1, "candle_time_tehran": "2026-09-29 17:30", "candle_close_tehran": "2026-09-29 17:35", "candle_ts": 1790690400, "A": 110.0535, "atr": 0.05056868, "entry": null, "sl": null, "tp": null, "previous_A": 110.096, "pending_cancelled": false, "a_candle_counts_as_move": false, "note": "A candle red", "emitted_at": "2026-09-29 17:35:02"}
2026-09-29 17:40:01 candle 2026-09-29 17:35 O 110.0725 H 110.0795 L 110.044 C 110.0535 bear
2026-09-29 17:40:01 EVENT {"type": "A_reset", "symbol": "FOREXCOM:AUDJPY", "side": "BUY", "tf": "5m", "leg": 1, "candle_time_tehran": "2026-09-29 17:35", "candle_close_tehran": "2026-09-29 17:40", "candle_ts": 1790690700, "A": 110.044, "atr": 0.04949235, "entry": null, "sl": null, "tp": null, "previous_A": 110.0535, "pending_cancelled": false, "a_candle_counts_as_move": false, "note": "A candle red", "emitted_at": "2026-09-29 17:40:01"}
2026-09-29 17:45:03 candle 2026-09-29 17:40 O 110.0535 H 110.0535 L 110.0145 C 110.04 bear
2026-09-29 17:45:03 EVENT {"type": "A_reset", "symbol": "FOREXCOM:AUDJPY", "side": "BUY", "tf": "5m", "leg": 1, "candle_time_tehran": "2026-09-29 17:40", "candle_close_tehran": "2026-09-29 17:45", "candle_ts": 1790691000, "A": 110.0145, "atr": 0.04874289, "entry": null, "sl": null, "tp": null, "previous_A": 110.044, "pending_cancelled": false, "a_candle_counts_as_move": false, "note": "A candle red", "emitted_at": "2026-09-29 17:45:03"}
2026-09-29 17:50:02 candle 2026-09-29 17:45 O 110.04 H 110.0665 L 110.033 C 110.054 bull
2026-09-29 17:55:01 candle 2026-09-29 17:50 O 110.054 H 110.066 L 110.0225 C 110.0315 bear
2026-09-29 17:55:01 EVENT {"type": "pending_placed", "symbol": "FOREXCOM:AUDJPY", "side": "BUY", "tf": "5m", "leg": 1, "candle_time_tehran": "2026-09-29 17:50", "candle_close_tehran": "2026-09-29 17:55", "candle_ts": 1790691600, "A": 110.0145, "atr": 0.04874289, "entry": 110.07087428945047, "sl": 110.0225, "tp": [110.55461718395526], "emitted_at": "2026-09-29 17:55:01"}
2026-09-29 17:55:01 TRADOR>> ENTRY | AUDJPY | BUY | STOP 110.071 | SL 110.022 | TP 110.561 | DOUBLE no | REF AUDJPY20260929C1630-1
2026-09-29 18:00:03 candle 2026-09-29 17:55 O 110.0315 H 110.056 L 110.0255 C 110.042 bull
2026-09-29 18:05:01 candle 2026-09-29 18:00 O 110.042 H 110.0505 L 109.9485 C 109.9865 bear
2026-09-29 18:05:01 EVENT {"type": "A_reset", "symbol": "FOREXCOM:AUDJPY", "side": "BUY", "tf": "5m", "leg": 1, "candle_time_tehran": "2026-09-29 18:00", "candle_close_tehran": "2026-09-29 18:05", "candle_ts": 1790692200, "A": 109.9485, "atr": 0.05014234, "entry": null, "sl": null, "tp": null, "previous_A": 110.0145, "pending_cancelled": true, "a_candle_counts_as_move": false, "note": "A candle red", "emitted_at": "2026-09-29 18:05:01"}
2026-09-29 18:05:01 TRADOR>> CANCEL | AUDJPY | REF AUDJPY20260929C1630-1
2026-09-29 18:10:01 candle 2026-09-29 18:05 O 109.9865 H 110.0185 L 109.973 C 110.0165 bull
2026-09-29 18:15:02 candle 2026-09-29 18:10 O 110.0165 H 110.019 L 109.981 C 109.9935 bear
2026-09-29 18:15:02 EVENT {"type": "pending_placed", "symbol": "FOREXCOM:AUDJPY", "side": "BUY", "tf": "5m", "leg": 1, "candle_time_tehran": "2026-09-29 18:10", "candle_close_tehran": "2026-09-29 18:15", "candle_ts": 1790692800, "A": 109.9485, "atr": 0.05014234, "entry": 110.02401423445947, "sl": 109.981, "tp": [110.45415657905424], "emitted_at": "2026-09-29 18:15:02"}
2026-09-29 18:15:02 TRADOR>> ENTRY | AUDJPY | BUY | STOP 110.024 | SL 109.981 | TP 110.454 | DOUBLE no | REF AUDJPY20260929C1630-2
2026-09-29 18:20:01 candle 2026-09-29 18:15 O 109.9935 H 110.024 L 109.9825 C 109.984 bear
2026-09-29 18:20:01 EVENT {"type": "pending_moved", "symbol": "FOREXCOM:AUDJPY", "side": "BUY", "tf": "5m", "leg": 1, "candle_time_tehran": "2026-09-29 18:15", "candle_close_tehran": "2026-09-29 18:20", "candle_ts": 1790693100, "A": 109.9485, "atr": 0.05014234, "entry": 110.02901423445947, "sl": 109.981, "tp": [110.50915657905419], "previous_entry": 110.02401423445947, "previous_sl": 109.981, "reason": "new red candle", "emitted_at": "2026-09-29 18:20:01"}
2026-09-29 18:20:01 TRADOR>> MOVE | AUDJPY | REF AUDJPY20260929C1630-2 | STOP 110.029 | SL 109.981 | TP 110.509
2026-09-29 18:25:01 candle 2026-09-29 18:20 O 109.984 H 110.03 L 109.9685 C 109.9785 bear
2026-09-29 18:25:01 EVENT {"type": "triggered", "symbol": "FOREXCOM:AUDJPY", "side": "BUY", "tf": "5m", "leg": 1, "candle_time_tehran": "2026-09-29 18:20", "candle_close_tehran": "2026-09-29 18:25", "candle_ts": 1790693400, "A": 109.9485, "atr": 0.05014234, "entry": 110.02901423445947, "sl": 109.981, "tp": [110.50915657905419], "fill_price": 110.02901423445947, "positions": [{"entry": 110.02901423445947, "sl": 109.981, "tp": 110.50915657905419, "rr": 10.0}], "entries_so_far": 1, "notes": ["info: same candle also reached SL"], "emitted_at": "2026-09-29 18:25:01"}
2026-09-29 18:25:01 EVENT {"type": "A_set", "symbol": "FOREXCOM:AUDJPY", "side": "BUY", "tf": "5m", "leg": 2, "candle_time_tehran": "2026-09-29 18:20", "candle_close_tehran": "2026-09-29 18:25", "candle_ts": 1790693400, "A": 109.981, "atr": 0.04936706, "entry": null, "sl": null, "tp": null, "a_candle_counts_as_move": false, "note": "chain leg 2: A = SL of previous entry", "emitted_at": "2026-09-29 18:25:01"}
2026-09-29 18:25:01 ENTRY 2 TRIGGERED at 110.02901423445947 (candle 2026-09-29 18:20)
2026-09-29 18:30:01 candle 2026-09-29 18:25 O 109.9785 H 110.11 L 109.9735 C 110.071 bull
2026-09-29 18:30:01 EVENT {"type": "A_reset", "symbol": "FOREXCOM:AUDJPY", "side": "BUY", "tf": "5m", "leg": 2, "candle_time_tehran": "2026-09-29 18:25", "candle_close_tehran": "2026-09-29 18:30", "candle_ts": 1790693700, "A": 109.9735, "atr": 0.05559084, "entry": null, "sl": null, "tp": null, "previous_A": 109.981, "pending_cancelled": false, "a_candle_counts_as_move": true, "note": "A candle white -> counts as the move", "emitted_at": "2026-09-29 18:30:01"}
2026-09-29 18:30:03 H1 close 2026-09-29 17:30 O 110.101 H 110.112 L 109.9485 C 110.071
