2026-09-30 07:32:19 start FOREXCOM:AUDNZD BUY 5m dec=5 ref=AUDNZD20260930C0630 base_stop=1.2344 h1_invalid=1.23453 run=AUDNZD_BUY_5m_C0630 pid=1565191
2026-09-30 07:32:19 EVENT {"type": "A_set", "symbol": "FOREXCOM:AUDNZD", "side": "BUY", "tf": "5m", "leg": 1, "candle_time_tehran": "2026-09-30 07:25", "candle_close_tehran": "2026-09-30 07:30", "candle_ts": 1790740500, "A": 1.234655, "atr": 0.00055822, "entry": null, "sl": null, "tp": null, "a_candle_counts_as_move": true, "note": "reference low of order-time candle (white) -> counts as the move, next red candle places the stop", "emitted_at": "2026-09-30 07:32:19"}
2026-09-30 07:32:20 H1 baseline: last closed H1 2026-09-30 06:30 close 1.234865
2026-09-30 07:35:01 candle 2026-09-30 07:30 O 1.234865 H 1.23499 L 1.234635 C 1.234775 bear
2026-09-30 07:35:01 EVENT {"type": "A_reset", "symbol": "FOREXCOM:AUDNZD", "side": "BUY", "tf": "5m", "leg": 1, "candle_time_tehran": "2026-09-30 07:30", "candle_close_tehran": "2026-09-30 07:35", "candle_ts": 1790740800, "A": 1.234635, "atr": 0.0005437, "entry": null, "sl": null, "tp": null, "previous_A": 1.234655, "pending_cancelled": false, "a_candle_counts_as_move": false, "note": "A candle red", "emitted_at": "2026-09-30 07:35:01"}
2026-09-30 07:40:01 candle 2026-09-30 07:35 O 1.234775 H 1.23498 L 1.23469 C 1.23489 bull
2026-09-30 07:45:02 candle 2026-09-30 07:40 O 1.23489 H 1.235105 L 1.23484 C 1.235075 bull
2026-09-30 07:50:01 candle 2026-09-30 07:45 O 1.235075 H 1.235225 L 1.23493 C 1.235215 bull
2026-09-30 07:55:02 candle 2026-09-30 07:50 O 1.235215 H 1.235605 L 1.235155 C 1.235605 bull
2026-09-30 08:00:01 candle 2026-09-30 07:55 O 1.235605 H 1.236075 L 1.23551 C 1.23552 bear
2026-09-30 08:00:01 EVENT {"type": "pending_placed", "symbol": "FOREXCOM:AUDNZD", "side": "BUY", "tf": "5m", "leg": 1, "candle_time_tehran": "2026-09-30 07:55", "candle_close_tehran": "2026-09-30 08:00", "candle_ts": 1790742300, "A": 1.234635, "atr": 0.0005437, "entry": 1.2361293701456946, "sl": 1.23551, "tp": [1.2423230716026392], "emitted_at": "2026-09-30 08:00:01"}
2026-09-30 08:00:01 TRADOR>> ENTRY | AUDNZD | BUY | STOP 1.23613 | SL 1.23551 | TP 1.24233 | DOUBLE no | REF AUDNZD20260930C0630-1
2026-09-30 08:05:01 candle 2026-09-30 08:00 O 1.23552 H 1.235715 L 1.23527 C 1.23538 bear
2026-09-30 08:05:01 EVENT {"type": "pending_moved", "symbol": "FOREXCOM:AUDNZD", "side": "BUY", "tf": "5m", "leg": 1, "candle_time_tehran": "2026-09-30 08:00", "candle_close_tehran": "2026-09-30 08:05", "candle_ts": 1790742600, "A": 1.234635, "atr": 0.0005437, "entry": 1.2357693701456944, "sl": 1.23527, "tp": [1.2407630716026379], "previous_entry": 1.2361293701456946, "previous_sl": 1.23551, "reason": "new red candle", "emitted_at": "2026-09-30 08:05:01"}
2026-09-30 08:05:01 TRADOR>> MOVE | AUDNZD | REF AUDNZD20260930C0630-1 | STOP 1.23577 | SL 1.23527 | TP 1.24077
2026-09-30 08:10:01 candle 2026-09-30 08:05 O 1.23538 H 1.236495 L 1.235345 C 1.236225 bull
2026-09-30 08:10:01 EVENT {"type": "triggered", "symbol": "FOREXCOM:AUDNZD", "side": "BUY", "tf": "5m", "leg": 1, "candle_time_tehran": "2026-09-30 08:05", "candle_close_tehran": "2026-09-30 08:10", "candle_ts": 1790742900, "A": 1.234635, "atr": 0.0005437, "entry": 1.2357693701456944, "sl": 1.23527, "tp": [1.2407630716026379], "fill_price": 1.2357693701456944, "positions": [{"entry": 1.2357693701456944, "sl": 1.23527, "tp": 1.2407630716026379, "rr": 10.0}], "entries_so_far": 1, "notes": [], "emitted_at": "2026-09-30 08:10:01"}
2026-09-30 08:10:01 EVENT {"type": "A_set", "symbol": "FOREXCOM:AUDNZD", "side": "BUY", "tf": "5m", "leg": 2, "candle_time_tehran": "2026-09-30 08:05", "candle_close_tehran": "2026-09-30 08:10", "candle_ts": 1790742900, "A": 1.23527, "atr": 0.00053785, "entry": null, "sl": null, "tp": null, "a_candle_counts_as_move": true, "note": "chain leg 2: A = SL of previous entry (trigger candle white -> counts as the move)", "emitted_at": "2026-09-30 08:10:01"}
2026-09-30 08:10:01 ENTRY 1 TRIGGERED at 1.2357693701456944 (candle 2026-09-30 08:05)
2026-09-30 08:15:01 candle 2026-09-30 08:10 O 1.236225 H 1.23627 L 1.235935 C 1.23613 bear
2026-09-30 08:15:01 EVENT {"type": "pending_placed", "symbol": "FOREXCOM:AUDNZD", "side": "BUY", "tf": "5m", "leg": 2, "candle_time_tehran": "2026-09-30 08:10", "candle_close_tehran": "2026-09-30 08:15", "candle_ts": 1790743200, "A": 1.23527, "atr": 0.00053785, "entry": 1.2363237847735087, "sl": 1.235935, "tp": [1.2402116325085955], "emitted_at": "2026-09-30 08:15:01"}
2026-09-30 08:15:01 TRADOR>> ENTRY | AUDNZD | BUY | STOP 1.23632 | SL 1.23594 | TP 1.24012 | DOUBLE no | REF AUDNZD20260930C0630-2
2026-09-30 08:20:02 candle 2026-09-30 08:15 O 1.23613 H 1.23621 L 1.23605 C 1.236105 bear
2026-09-30 08:20:02 EVENT {"type": "pending_moved", "symbol": "FOREXCOM:AUDNZD", "side": "BUY", "tf": "5m", "leg": 2, "candle_time_tehran": "2026-09-30 08:15", "candle_close_tehran": "2026-09-30 08:20", "candle_ts": 1790743500, "A": 1.23527, "atr": 0.00053785, "entry": 1.2362637847735087, "sl": 1.235935, "tp": [1.239551632508596], "previous_entry": 1.2363237847735087, "previous_sl": 1.235935, "reason": "new red candle", "emitted_at": "2026-09-30 08:20:02"}
2026-09-30 08:20:02 TRADOR>> MOVE | AUDNZD | REF AUDNZD20260930C0630-2 | STOP 1.23626 | SL 1.23594 | TP 1.23946
2026-09-30 08:25:02 candle 2026-09-30 08:20 O 1.236105 H 1.236235 L 1.235985 C 1.23602 bear
2026-09-30 08:25:02 EVENT {"type": "pending_moved", "symbol": "FOREXCOM:AUDNZD", "side": "BUY", "tf": "5m", "leg": 2, "candle_time_tehran": "2026-09-30 08:20", "candle_close_tehran": "2026-09-30 08:25", "candle_ts": 1790743800, "A": 1.23527, "atr": 0.00053785, "entry": 1.2362887847735087, "sl": 1.235935, "tp": [1.2398266325085954], "previous_entry": 1.2362637847735087, "previous_sl": 1.235935, "reason": "new red candle", "emitted_at": "2026-09-30 08:25:02"}
2026-09-30 08:25:02 TRADOR>> MOVE | AUDNZD | REF AUDNZD20260930C0630-2 | STOP 1.23629 | SL 1.23594 | TP 1.23979
2026-09-30 08:30:01 candle 2026-09-30 08:25 O 1.23602 H 1.23616 L 1.235955 C 1.23605 bull
2026-09-30 08:30:03 H1 close 2026-09-30 07:30 O 1.234865 H 1.236495 L 1.234635 C 1.23605
2026-09-30 08:35:03 candle 2026-09-30 08:30 O 1.23605 H 1.23638 L 1.236025 C 1.23605 doji
2026-09-30 08:35:03 EVENT {"type": "triggered", "symbol": "FOREXCOM:AUDNZD", "side": "BUY", "tf": "5m", "leg": 2, "candle_time_tehran": "2026-09-30 08:30", "candle_close_tehran": "2026-09-30 08:35", "candle_ts": 1790744400, "A": 1.23527, "atr": 0.00053785, "entry": 1.2362887847735087, "sl": 1.235935, "tp": [1.2398266325085954], "fill_price": 1.2362887847735087, "positions": [{"entry": 1.2362887847735087, "sl": 1.235935, "tp": 1.2398266325085954, "rr": 10.0}], "entries_so_far": 2, "notes": [], "emitted_at": "2026-09-30 08:35:03"}
2026-09-30 08:35:03 EVENT {"type": "done", "symbol": "FOREXCOM:AUDNZD", "side": "BUY", "tf": "5m", "leg": 2, "candle_time_tehran": "2026-09-30 08:30", "candle_close_tehran": "2026-09-30 08:35", "candle_ts": 1790744400, "A": 1.23527, "atr": 0.00053785, "entry": 1.2362887847735087, "sl": 1.235935, "tp": [1.2398266325085954], "reason": "all 2 entries triggered", "total_positions": 2, "emitted_at": "2026-09-30 08:35:03"}
2026-09-30 08:35:03 ENTRY 2 TRIGGERED at 1.2362887847735087 (candle 2026-09-30 08:30)
2026-09-30 08:35:03 FINISHED: ALL 2 ENTRIES TRIGGERED
