2026-09-30 13:32:26 start FOREXCOM:AUDNZD SELL 5m dec=5 ref=AUDNZD20260930C1230 base_stop=1.23449 h1_invalid=1.23453 run=AUDNZD_SELL_5m_C1230 pid=1739004
2026-09-30 13:32:26 EVENT {"type": "A_set", "symbol": "FOREXCOM:AUDNZD", "side": "SELL", "tf": "5m", "leg": 1, "candle_time_tehran": "2026-09-30 13:25", "candle_close_tehran": "2026-09-30 13:30", "candle_ts": 1790762100, "A": 1.23329, "atr": 0.00034839, "entry": null, "sl": null, "tp": null, "a_candle_counts_as_move": false, "note": "reference high of order-time candle (white)", "emitted_at": "2026-09-30 13:32:26"}
2026-09-30 13:32:27 H1 baseline: last closed H1 2026-09-30 12:30 close 1.23324
2026-09-30 13:35:01 candle 2026-09-30 13:30 O 1.23324 H 1.23331 L 1.23305 C 1.233275 bull
2026-09-30 13:35:01 EVENT {"type": "A_reset", "symbol": "FOREXCOM:AUDNZD", "side": "SELL", "tf": "5m", "leg": 1, "candle_time_tehran": "2026-09-30 13:30", "candle_close_tehran": "2026-09-30 13:35", "candle_ts": 1790762400, "A": 1.23331, "atr": 0.00034207, "entry": null, "sl": null, "tp": null, "previous_A": 1.23329, "pending_cancelled": false, "a_candle_counts_as_move": false, "note": "A candle white", "emitted_at": "2026-09-30 13:35:01"}
2026-09-30 13:40:01 candle 2026-09-30 13:35 O 1.233275 H 1.23337 L 1.23309 C 1.23318 bear
2026-09-30 13:40:01 EVENT {"type": "A_reset", "symbol": "FOREXCOM:AUDNZD", "side": "SELL", "tf": "5m", "leg": 1, "candle_time_tehran": "2026-09-30 13:35", "candle_close_tehran": "2026-09-30 13:40", "candle_ts": 1790762700, "A": 1.23337, "atr": 0.00033764, "entry": null, "sl": null, "tp": null, "previous_A": 1.23331, "pending_cancelled": false, "a_candle_counts_as_move": true, "note": "A candle red -> counts as the move", "emitted_at": "2026-09-30 13:40:01"}
2026-09-30 13:45:01 candle 2026-09-30 13:40 O 1.23318 H 1.233265 L 1.23307 C 1.23314 bear
2026-09-30 13:50:01 candle 2026-09-30 13:45 O 1.23314 H 1.23337 L 1.23312 C 1.23334 bull
2026-09-30 13:50:01 EVENT {"type": "pending_placed", "symbol": "FOREXCOM:AUDNZD", "side": "SELL", "tf": "5m", "leg": 1, "candle_time_tehran": "2026-09-30 13:45", "candle_close_tehran": "2026-09-30 13:50", "candle_ts": 1790763300, "A": 1.23337, "atr": 0.00033764, "entry": 1.2330862361104695, "sl": 1.23337, "tp": [1.230248597215164], "emitted_at": "2026-09-30 13:50:01"}
2026-09-30 13:50:01 TRADOR>> ENTRY | AUDNZD | SELL | STOP 1.23309 | SL 1.23337 | TP 1.23029 | DOUBLE no | REF AUDNZD20260930C1230-1
2026-09-30 13:55:01 candle 2026-09-30 13:50 O 1.23334 H 1.233425 L 1.233215 C 1.233395 bull
2026-09-30 13:55:01 EVENT {"type": "A_reset", "symbol": "FOREXCOM:AUDNZD", "side": "SELL", "tf": "5m", "leg": 1, "candle_time_tehran": "2026-09-30 13:50", "candle_close_tehran": "2026-09-30 13:55", "candle_ts": 1790763600, "A": 1.233425, "atr": 0.00031392, "entry": null, "sl": null, "tp": null, "previous_A": 1.23337, "pending_cancelled": true, "a_candle_counts_as_move": false, "note": "A candle white", "emitted_at": "2026-09-30 13:55:01"}
2026-09-30 13:55:01 TRADOR>> CANCEL | AUDNZD | REF AUDNZD20260930C1230-1
2026-09-30 14:00:02 candle 2026-09-30 13:55 O 1.233395 H 1.233435 L 1.233205 C 1.233385 bear
2026-09-30 14:00:02 EVENT {"type": "A_reset", "symbol": "FOREXCOM:AUDNZD", "side": "SELL", "tf": "5m", "leg": 1, "candle_time_tehran": "2026-09-30 13:55", "candle_close_tehran": "2026-09-30 14:00", "candle_ts": 1790763900, "A": 1.233435, "atr": 0.00030793, "entry": null, "sl": null, "tp": null, "previous_A": 1.233425, "pending_cancelled": false, "a_candle_counts_as_move": true, "note": "A candle red -> counts as the move", "emitted_at": "2026-09-30 14:00:02"}
2026-09-30 14:05:01 candle 2026-09-30 14:00 O 1.233385 H 1.23343 L 1.233215 C 1.23332 bear
2026-09-30 14:10:02 candle 2026-09-30 14:05 O 1.23339 H 1.23368 L 1.23336 C 1.233675 bull
2026-09-30 14:10:02 EVENT {"type": "A_reset", "symbol": "FOREXCOM:AUDNZD", "side": "SELL", "tf": "5m", "leg": 1, "candle_time_tehran": "2026-09-30 14:05", "candle_close_tehran": "2026-09-30 14:10", "candle_ts": 1790764500, "A": 1.23368, "atr": 0.00030549, "entry": null, "sl": null, "tp": null, "previous_A": 1.233435, "pending_cancelled": false, "a_candle_counts_as_move": false, "note": "A candle white", "emitted_at": "2026-09-30 14:10:02"}
2026-09-30 14:15:02 candle 2026-09-30 14:10 O 1.233675 H 1.23384 L 1.233675 C 1.23383 bull
2026-09-30 14:15:02 EVENT {"type": "A_reset", "symbol": "FOREXCOM:AUDNZD", "side": "SELL", "tf": "5m", "leg": 1, "candle_time_tehran": "2026-09-30 14:10", "candle_close_tehran": "2026-09-30 14:15", "candle_ts": 1790764800, "A": 1.23384, "atr": 0.00029545, "entry": null, "sl": null, "tp": null, "previous_A": 1.23368, "pending_cancelled": false, "a_candle_counts_as_move": false, "note": "A candle white", "emitted_at": "2026-09-30 14:15:02"}
2026-09-30 14:20:01 candle 2026-09-30 14:15 O 1.23383 H 1.234155 L 1.233785 C 1.23405 bull
2026-09-30 14:20:01 EVENT {"type": "A_reset", "symbol": "FOREXCOM:AUDNZD", "side": "SELL", "tf": "5m", "leg": 1, "candle_time_tehran": "2026-09-30 14:15", "candle_close_tehran": "2026-09-30 14:20", "candle_ts": 1790765100, "A": 1.234155, "atr": 0.00030078, "entry": null, "sl": null, "tp": null, "previous_A": 1.23384, "pending_cancelled": false, "a_candle_counts_as_move": false, "note": "A candle white", "emitted_at": "2026-09-30 14:20:01"}
2026-09-30 14:25:01 candle 2026-09-30 14:20 O 1.23405 H 1.23429 L 1.234 C 1.23429 bull
2026-09-30 14:25:01 EVENT {"type": "A_reset", "symbol": "FOREXCOM:AUDNZD", "side": "SELL", "tf": "5m", "leg": 1, "candle_time_tehran": "2026-09-30 14:20", "candle_close_tehran": "2026-09-30 14:25", "candle_ts": 1790765400, "A": 1.23429, "atr": 0.00030001, "entry": null, "sl": null, "tp": null, "previous_A": 1.234155, "pending_cancelled": false, "a_candle_counts_as_move": false, "note": "A candle white", "emitted_at": "2026-09-30 14:25:01"}
2026-09-30 14:30:02 candle 2026-09-30 14:25 O 1.23429 H 1.234325 L 1.234005 C 1.234015 bear
2026-09-30 14:30:02 EVENT {"type": "A_reset", "symbol": "FOREXCOM:AUDNZD", "side": "SELL", "tf": "5m", "leg": 1, "candle_time_tehran": "2026-09-30 14:25", "candle_close_tehran": "2026-09-30 14:30", "candle_ts": 1790765700, "A": 1.234325, "atr": 0.00030143, "entry": null, "sl": null, "tp": null, "previous_A": 1.23429, "pending_cancelled": false, "a_candle_counts_as_move": true, "note": "A candle red -> counts as the move", "emitted_at": "2026-09-30 14:30:02"}
2026-09-30 14:30:03 H1 close 2026-09-30 13:30 O 1.23324 H 1.234325 L 1.23305 C 1.234015
2026-09-30 14:35:02 candle 2026-09-30 14:30 O 1.234015 H 1.2341 L 1.23377 C 1.233905 bear
2026-09-30 14:40:01 candle 2026-09-30 14:35 O 1.233905 H 1.23402 L 1.233815 C 1.234 bull
2026-09-30 14:40:01 EVENT {"type": "pending_placed", "symbol": "FOREXCOM:AUDNZD", "side": "SELL", "tf": "5m", "leg": 1, "candle_time_tehran": "2026-09-30 14:35", "candle_close_tehran": "2026-09-30 14:40", "candle_ts": 1790766300, "A": 1.234325, "atr": 0.00030143, "entry": 1.2337848566074465, "sl": 1.23402, "tp": [1.2314334226819128], "emitted_at": "2026-09-30 14:40:01"}
2026-09-30 14:40:01 TRADOR>> ENTRY | AUDNZD | SELL | STOP 1.23378 | SL 1.23402 | TP 1.23138 | DOUBLE no | REF AUDNZD20260930C1230-2
2026-09-30 14:45:01 candle 2026-09-30 14:40 O 1.234 H 1.234085 L 1.233895 C 1.23404 bull
2026-09-30 14:45:01 EVENT {"type": "pending_moved", "symbol": "FOREXCOM:AUDNZD", "side": "SELL", "tf": "5m", "leg": 1, "candle_time_tehran": "2026-09-30 14:40", "candle_close_tehran": "2026-09-30 14:45", "candle_ts": 1790766600, "A": 1.234325, "atr": 0.00030143, "entry": 1.2338648566074464, "sl": 1.234085, "tp": [1.2316634226819092], "previous_entry": 1.2337848566074465, "previous_sl": 1.23402, "reason": "new white candle", "emitted_at": "2026-09-30 14:45:01"}
2026-09-30 14:45:01 TRADOR>> MOVE | AUDNZD | REF AUDNZD20260930C1230-2 | STOP 1.23386 | SL 1.23409 | TP 1.23156
2026-09-30 14:50:01 candle 2026-09-30 14:45 O 1.23404 H 1.23445 L 1.23402 C 1.234425 bull
2026-09-30 14:50:01 EVENT {"type": "A_reset", "symbol": "FOREXCOM:AUDNZD", "side": "SELL", "tf": "5m", "leg": 1, "candle_time_tehran": "2026-09-30 14:45", "candle_close_tehran": "2026-09-30 14:50", "candle_ts": 1790766900, "A": 1.23445, "atr": 0.00029892, "entry": null, "sl": null, "tp": null, "previous_A": 1.234325, "pending_cancelled": true, "a_candle_counts_as_move": false, "note": "A candle white", "emitted_at": "2026-09-30 14:50:01"}
2026-09-30 14:50:01 TRADOR>> CANCEL | AUDNZD | REF AUDNZD20260930C1230-2
2026-09-30 14:55:01 candle 2026-09-30 14:50 O 1.234425 H 1.234515 L 1.234185 C 1.234195 bear
2026-09-30 14:55:01 EVENT {"type": "A_reset", "symbol": "FOREXCOM:AUDNZD", "side": "SELL", "tf": "5m", "leg": 1, "candle_time_tehran": "2026-09-30 14:50", "candle_close_tehran": "2026-09-30 14:55", "candle_ts": 1790767200, "A": 1.234515, "atr": 0.00030114, "entry": null, "sl": null, "tp": null, "previous_A": 1.23445, "pending_cancelled": false, "a_candle_counts_as_move": true, "note": "A candle red -> counts as the move", "emitted_at": "2026-09-30 14:55:01"}
2026-09-30 14:55:01 EVENT {"type": "base_stop_broken", "candle": "2026-09-30 14:50", "low": 1.234185, "high": 1.234515, "base_stop": 1.23449, "emitted_at": "2026-09-30 14:55:01"}
2026-09-30 14:55:01 cancel (base stop): no pending order announced -> nothing sent
2026-09-30 14:55:01 FINISHED: CANCELLED: base stop 1.23449 broken by candle 2026-09-30 14:50
