2026-09-30 10:32:59 start FOREXCOM:AUDUSD BUY 5m dec=5 ref=AUDUSD20260930C0930 base_stop=0.69669 h1_invalid=0.69688 run=AUDUSD_BUY_5m_C0930 pid=1649608
2026-09-30 10:32:59 EVENT {"type": "A_set", "symbol": "FOREXCOM:AUDUSD", "side": "BUY", "tf": "5m", "leg": 1, "candle_time_tehran": "2026-09-30 10:25", "candle_close_tehran": "2026-09-30 10:30", "candle_ts": 1790751300, "A": 0.69695, "atr": 0.0003089, "entry": null, "sl": null, "tp": null, "a_candle_counts_as_move": false, "note": "reference low of order-time candle (red)", "emitted_at": "2026-09-30 10:32:59"}
2026-09-30 10:32:59 H1 baseline: last closed H1 2026-09-30 09:30 close 0.696965
2026-09-30 10:35:01 candle 2026-09-30 10:30 O 0.696965 H 0.697645 L 0.69692 C 0.697525 bull
2026-09-30 10:35:01 EVENT {"type": "A_reset", "symbol": "FOREXCOM:AUDUSD", "side": "BUY", "tf": "5m", "leg": 1, "candle_time_tehran": "2026-09-30 10:30", "candle_close_tehran": "2026-09-30 10:35", "candle_ts": 1790751600, "A": 0.69692, "atr": 0.00033862, "entry": null, "sl": null, "tp": null, "previous_A": 0.69695, "pending_cancelled": false, "a_candle_counts_as_move": true, "note": "A candle white -> counts as the move", "emitted_at": "2026-09-30 10:35:01"}
2026-09-30 10:40:01 candle 2026-09-30 10:35 O 0.697535 H 0.697825 L 0.69747 C 0.697725 bull
2026-09-30 10:45:01 candle 2026-09-30 10:40 O 0.697725 H 0.697895 L 0.69763 C 0.697845 bull
2026-09-30 10:50:01 candle 2026-09-30 10:45 O 0.697845 H 0.69812 L 0.69782 C 0.698115 bull
2026-09-30 10:55:23 candle 2026-09-30 10:50 O 0.698115 H 0.698145 L 0.69778 C 0.697825 bear
2026-09-30 10:55:23 EVENT {"type": "pending_placed", "symbol": "FOREXCOM:AUDUSD", "side": "BUY", "tf": "5m", "leg": 1, "candle_time_tehran": "2026-09-30 10:50", "candle_close_tehran": "2026-09-30 10:55", "candle_ts": 1790752800, "A": 0.69692, "atr": 0.00033862, "entry": 0.6981788618015953, "sl": 0.69778, "tp": [0.7021674798175485], "emitted_at": "2026-09-30 10:55:23"}
2026-09-30 10:55:23 TRADOR>> ENTRY | AUDUSD | BUY | STOP 0.69818 | SL 0.69778 | TP 0.70218 | DOUBLE no | REF AUDUSD20260930C0930-1
2026-09-30 11:00:01 candle 2026-09-30 10:55 O 0.697825 H 0.69788 L 0.697645 C 0.69774 bear
2026-09-30 11:00:01 EVENT {"type": "pending_moved", "symbol": "FOREXCOM:AUDUSD", "side": "BUY", "tf": "5m", "leg": 1, "candle_time_tehran": "2026-09-30 10:55", "candle_close_tehran": "2026-09-30 11:00", "candle_ts": 1790753100, "A": 0.69692, "atr": 0.00033862, "entry": 0.6979138618015952, "sl": 0.697645, "tp": [0.7006024798175476], "previous_entry": 0.6981788618015953, "previous_sl": 0.69778, "reason": "new red candle", "emitted_at": "2026-09-30 11:00:01"}
2026-09-30 11:00:01 TRADOR>> MOVE | AUDUSD | REF AUDUSD20260930C0930-1 | STOP 0.69791 | SL 0.69764 | TP 0.70061
2026-09-30 11:05:01 candle 2026-09-30 11:00 O 0.69774 H 0.697845 L 0.69752 C 0.697555 bear
2026-09-30 11:05:01 EVENT {"type": "pending_moved", "symbol": "FOREXCOM:AUDUSD", "side": "BUY", "tf": "5m", "leg": 1, "candle_time_tehran": "2026-09-30 11:00", "candle_close_tehran": "2026-09-30 11:05", "candle_ts": 1790753400, "A": 0.69692, "atr": 0.00033862, "entry": 0.6978788618015953, "sl": 0.69752, "tp": [0.7014674798175481], "previous_entry": 0.6979138618015952, "previous_sl": 0.697645, "reason": "new red candle", "emitted_at": "2026-09-30 11:05:01"}
2026-09-30 11:05:01 TRADOR>> MOVE | AUDUSD | REF AUDUSD20260930C0930-1 | STOP 0.69788 | SL 0.69752 | TP 0.70148
2026-09-30 11:10:02 candle 2026-09-30 11:05 O 0.697555 H 0.69774 L 0.697555 C 0.69761 bull
2026-09-30 11:15:01 candle 2026-09-30 11:10 O 0.69761 H 0.69765 L 0.697495 C 0.69758 bear
2026-09-30 11:15:01 EVENT {"type": "pending_moved", "symbol": "FOREXCOM:AUDUSD", "side": "BUY", "tf": "5m", "leg": 1, "candle_time_tehran": "2026-09-30 11:10", "candle_close_tehran": "2026-09-30 11:15", "candle_ts": 1790754000, "A": 0.69692, "atr": 0.00033862, "entry": 0.6976838618015953, "sl": 0.697495, "tp": [0.699572479817548], "previous_entry": 0.6978788618015953, "previous_sl": 0.69752, "reason": "new red candle", "emitted_at": "2026-09-30 11:15:01"}
2026-09-30 11:15:01 TRADOR>> MOVE | AUDUSD | REF AUDUSD20260930C0930-1 | STOP 0.69768 | SL 0.69749 | TP 0.69958
2026-09-30 11:20:01 candle 2026-09-30 11:15 O 0.69758 H 0.697745 L 0.69749 C 0.697525 bear
2026-09-30 11:20:01 EVENT {"type": "triggered", "symbol": "FOREXCOM:AUDUSD", "side": "BUY", "tf": "5m", "leg": 1, "candle_time_tehran": "2026-09-30 11:15", "candle_close_tehran": "2026-09-30 11:20", "candle_ts": 1790754300, "A": 0.69692, "atr": 0.00033862, "entry": 0.6976838618015953, "sl": 0.697495, "tp": [0.699572479817548], "fill_price": 0.6976838618015953, "positions": [{"entry": 0.6976838618015953, "sl": 0.697495, "tp": 0.699572479817548, "rr": 10.0}], "entries_so_far": 1, "notes": ["info: same candle also reached SL"], "emitted_at": "2026-09-30 11:20:01"}
2026-09-30 11:20:01 EVENT {"type": "A_set", "symbol": "FOREXCOM:AUDUSD", "side": "BUY", "tf": "5m", "leg": 2, "candle_time_tehran": "2026-09-30 11:15", "candle_close_tehran": "2026-09-30 11:20", "candle_ts": 1790754300, "A": 0.697495, "atr": 0.00030177, "entry": null, "sl": null, "tp": null, "a_candle_counts_as_move": false, "note": "chain leg 2: A = SL of previous entry", "emitted_at": "2026-09-30 11:20:01"}
2026-09-30 11:20:01 ENTRY 1 TRIGGERED at 0.6976838618015953 (candle 2026-09-30 11:15)
2026-09-30 11:25:01 candle 2026-09-30 11:20 O 0.697525 H 0.69758 L 0.69721 C 0.69738 bear
2026-09-30 11:25:01 EVENT {"type": "A_reset", "symbol": "FOREXCOM:AUDUSD", "side": "BUY", "tf": "5m", "leg": 2, "candle_time_tehran": "2026-09-30 11:20", "candle_close_tehran": "2026-09-30 11:25", "candle_ts": 1790754600, "A": 0.69721, "atr": 0.00030665, "entry": null, "sl": null, "tp": null, "previous_A": 0.697495, "pending_cancelled": false, "a_candle_counts_as_move": false, "note": "A candle red", "emitted_at": "2026-09-30 11:25:01"}
2026-09-30 11:30:01 candle 2026-09-30 11:25 O 0.69738 H 0.69766 L 0.697375 C 0.69765 bull
2026-09-30 11:30:02 H1 close 2026-09-30 10:30 O 0.696965 H 0.698145 L 0.69692 C 0.69765
