2026-09-30 13:32:44 start FOREXCOM:AUDUSD BUY 5m dec=5 ref=AUDUSD20260930C1230 base_stop=0.69671 h1_invalid=0.69688 run=AUDUSD_BUY_5m_C1230 pid=1739524
2026-09-30 13:32:44 EVENT {"type": "A_set", "symbol": "FOREXCOM:AUDUSD", "side": "BUY", "tf": "5m", "leg": 1, "candle_time_tehran": "2026-09-30 13:25", "candle_close_tehran": "2026-09-30 13:30", "candle_ts": 1790762100, "A": 0.69682, "atr": 0.00026468, "entry": null, "sl": null, "tp": null, "a_candle_counts_as_move": true, "note": "reference low of order-time candle (white) -> counts as the move, next red candle places the stop", "emitted_at": "2026-09-30 13:32:44"}
2026-09-30 13:32:45 H1 baseline: last closed H1 2026-09-30 12:30 close 0.697
2026-09-30 13:35:02 candle 2026-09-30 13:30 O 0.697 H 0.69725 L 0.69692 C 0.69723 bull
2026-09-30 13:40:01 candle 2026-09-30 13:35 O 0.69723 H 0.697295 L 0.696995 C 0.69702 bear
2026-09-30 13:40:01 EVENT {"type": "pending_placed", "symbol": "FOREXCOM:AUDUSD", "side": "BUY", "tf": "5m", "leg": 1, "candle_time_tehran": "2026-09-30 13:35", "candle_close_tehran": "2026-09-30 13:40", "candle_ts": 1790762700, "A": 0.69682, "atr": 0.00026468, "entry": 0.6973214679484161, "sl": 0.696995, "tp": [0.7005861474325767], "emitted_at": "2026-09-30 13:40:01"}
2026-09-30 13:40:01 TRADOR>> ENTRY | AUDUSD | BUY | STOP 0.69732 | SL 0.69700 | TP 0.70052 | DOUBLE no | REF AUDUSD20260930C1230-1
2026-09-30 13:45:02 candle 2026-09-30 13:40 O 0.69702 H 0.697175 L 0.69695 C 0.697055 bull
2026-09-30 13:45:02 EVENT {"type": "pending_moved", "symbol": "FOREXCOM:AUDUSD", "side": "BUY", "tf": "5m", "leg": 1, "candle_time_tehran": "2026-09-30 13:40", "candle_close_tehran": "2026-09-30 13:45", "candle_ts": 1790763000, "A": 0.69682, "atr": 0.00026468, "entry": 0.6973214679484161, "sl": 0.69695, "tp": [0.7010361474325775], "previous_entry": 0.6973214679484161, "previous_sl": 0.696995, "reason": "low beyond SL", "emitted_at": "2026-09-30 13:45:02"}
2026-09-30 13:45:02 TRADOR>> MOVE | AUDUSD | REF AUDUSD20260930C1230-1 | STOP 0.69732 | SL 0.69695 | TP 0.70102
2026-09-30 13:50:01 candle 2026-09-30 13:45 O 0.697055 H 0.697385 L 0.697025 C 0.69727 bull
2026-09-30 13:50:01 EVENT {"type": "triggered", "symbol": "FOREXCOM:AUDUSD", "side": "BUY", "tf": "5m", "leg": 1, "candle_time_tehran": "2026-09-30 13:45", "candle_close_tehran": "2026-09-30 13:50", "candle_ts": 1790763300, "A": 0.69682, "atr": 0.00026468, "entry": 0.6973214679484161, "sl": 0.69695, "tp": [0.7010361474325775], "fill_price": 0.6973214679484161, "positions": [{"entry": 0.6973214679484161, "sl": 0.69695, "tp": 0.7010361474325775, "rr": 10.0}], "entries_so_far": 1, "notes": [], "emitted_at": "2026-09-30 13:50:01"}
2026-09-30 13:50:01 EVENT {"type": "A_set", "symbol": "FOREXCOM:AUDUSD", "side": "BUY", "tf": "5m", "leg": 2, "candle_time_tehran": "2026-09-30 13:45", "candle_close_tehran": "2026-09-30 13:50", "candle_ts": 1790763300, "A": 0.69695, "atr": 0.00027477, "entry": null, "sl": null, "tp": null, "a_candle_counts_as_move": true, "note": "chain leg 2: A = SL of previous entry (SL candle white -> counts as the move)", "emitted_at": "2026-09-30 13:50:01"}
2026-09-30 13:50:01 ENTRY 1 TRIGGERED at 0.6973214679484161 (candle 2026-09-30 13:45)
2026-09-30 13:55:01 candle 2026-09-30 13:50 O 0.69727 H 0.69738 L 0.697125 C 0.697215 bear
2026-09-30 13:55:01 EVENT {"type": "pending_placed", "symbol": "FOREXCOM:AUDUSD", "side": "BUY", "tf": "5m", "leg": 2, "candle_time_tehran": "2026-09-30 13:50", "candle_close_tehran": "2026-09-30 13:55", "candle_ts": 1790763600, "A": 0.69695, "atr": 0.00027477, "entry": 0.6974074767303913, "sl": 0.697125, "tp": [0.7002322440343041], "emitted_at": "2026-09-30 13:55:01"}
2026-09-30 13:55:01 TRADOR>> ENTRY | AUDUSD | BUY | STOP 0.69741 | SL 0.69712 | TP 0.70031 | DOUBLE no | REF AUDUSD20260930C1230-2
2026-09-30 14:00:02 candle 2026-09-30 13:55 O 0.697215 H 0.697335 L 0.697205 C 0.697215 doji
2026-09-30 14:05:02 candle 2026-09-30 14:00 O 0.697215 H 0.697215 L 0.697025 C 0.697025 bear
2026-09-30 14:05:02 EVENT {"type": "pending_moved", "symbol": "FOREXCOM:AUDUSD", "side": "BUY", "tf": "5m", "leg": 2, "candle_time_tehran": "2026-09-30 14:00", "candle_close_tehran": "2026-09-30 14:05", "candle_ts": 1790764200, "A": 0.69695, "atr": 0.00027477, "entry": 0.6972424767303913, "sl": 0.697025, "tp": [0.6994172440343043], "previous_entry": 0.6974074767303913, "previous_sl": 0.697125, "reason": "new red candle", "emitted_at": "2026-09-30 14:05:02"}
2026-09-30 14:05:02 TRADOR>> MOVE | AUDUSD | REF AUDUSD20260930C1230-2 | STOP 0.69724 | SL 0.69703 | TP 0.69934
2026-09-30 14:10:01 candle 2026-09-30 14:05 O 0.69698 H 0.697305 L 0.69698 C 0.697285 bull
2026-09-30 14:10:01 EVENT {"type": "triggered", "symbol": "FOREXCOM:AUDUSD", "side": "BUY", "tf": "5m", "leg": 2, "candle_time_tehran": "2026-09-30 14:05", "candle_close_tehran": "2026-09-30 14:10", "candle_ts": 1790764500, "A": 0.69695, "atr": 0.00027477, "entry": 0.6972424767303913, "sl": 0.697025, "tp": [0.6994172440343043], "fill_price": 0.6972424767303913, "positions": [{"entry": 0.6972424767303913, "sl": 0.697025, "tp": 0.6994172440343043, "rr": 10.0}], "entries_so_far": 2, "notes": ["info: same candle also reached SL"], "emitted_at": "2026-09-30 14:10:01"}
2026-09-30 14:10:01 EVENT {"type": "done", "symbol": "FOREXCOM:AUDUSD", "side": "BUY", "tf": "5m", "leg": 2, "candle_time_tehran": "2026-09-30 14:05", "candle_close_tehran": "2026-09-30 14:10", "candle_ts": 1790764500, "A": 0.69695, "atr": 0.00027477, "entry": 0.6972424767303913, "sl": 0.697025, "tp": [0.6994172440343043], "reason": "all 2 entries triggered", "total_positions": 2, "emitted_at": "2026-09-30 14:10:01"}
2026-09-30 14:10:01 ENTRY 2 TRIGGERED at 0.6972424767303913 (candle 2026-09-30 14:05)
2026-09-30 14:10:01 FINISHED: ALL 2 ENTRIES TRIGGERED
