2026-09-30 11:31:34 start FOREXCOM:AUDUSD BUY 5m dec=5 ref=AUDUSD20260930C0930R base_stop=0.69669 h1_invalid=0.69688 run=AUDUSD_BUY_5m_C0930R pid=1678521
2026-09-30 11:31:34 EVENT {"type": "A_set", "symbol": "FOREXCOM:AUDUSD", "side": "BUY", "tf": "5m", "leg": 1, "candle_time_tehran": "2026-09-30 11:25", "candle_close_tehran": "2026-09-30 11:30", "candle_ts": 1790754900, "A": 0.697375, "atr": 0.0003051, "entry": null, "sl": null, "tp": null, "a_candle_counts_as_move": true, "note": "reference low of order-time candle (white) -> counts as the move, next red candle places the stop", "emitted_at": "2026-09-30 11:31:34"}
2026-09-30 11:31:34 H1 baseline: last closed H1 2026-09-30 10:30 close 0.69765
2026-09-30 11:35:01 candle 2026-09-30 11:30 O 0.69765 H 0.697745 L 0.697505 C 0.697665 bull
2026-09-30 11:40:01 candle 2026-09-30 11:35 O 0.697665 H 0.697675 L 0.69757 C 0.69758 bear
2026-09-30 11:40:01 EVENT {"type": "pending_placed", "symbol": "FOREXCOM:AUDUSD", "side": "BUY", "tf": "5m", "leg": 1, "candle_time_tehran": "2026-09-30 11:35", "candle_close_tehran": "2026-09-30 11:40", "candle_ts": 1790755500, "A": 0.697375, "atr": 0.0003051, "entry": 0.6977055100416423, "sl": 0.69757, "tp": [0.6990606104580648], "emitted_at": "2026-09-30 11:40:01"}
2026-09-30 11:40:01 TRADOR>> ENTRY | AUDUSD | BUY | STOP 0.69771 | SL 0.69757 | TP 0.69911 | DOUBLE no | REF AUDUSD20260930C0930R-1
2026-09-30 11:45:01 candle 2026-09-30 11:40 O 0.69759 H 0.697595 L 0.69718 C 0.69719 bear
2026-09-30 11:45:01 EVENT {"type": "A_reset", "symbol": "FOREXCOM:AUDUSD", "side": "BUY", "tf": "5m", "leg": 1, "candle_time_tehran": "2026-09-30 11:40", "candle_close_tehran": "2026-09-30 11:45", "candle_ts": 1790755800, "A": 0.69718, "atr": 0.00029567, "entry": null, "sl": null, "tp": null, "previous_A": 0.697375, "pending_cancelled": true, "a_candle_counts_as_move": false, "note": "A candle red", "emitted_at": "2026-09-30 11:45:01"}
2026-09-30 11:45:01 TRADOR>> CANCEL | AUDUSD | REF AUDUSD20260930C0930R-1
2026-09-30 11:50:01 candle 2026-09-30 11:45 O 0.69719 H 0.697445 L 0.69708 C 0.69727 bull
2026-09-30 11:50:01 EVENT {"type": "A_reset", "symbol": "FOREXCOM:AUDUSD", "side": "BUY", "tf": "5m", "leg": 1, "candle_time_tehran": "2026-09-30 11:45", "candle_close_tehran": "2026-09-30 11:50", "candle_ts": 1790756100, "A": 0.69708, "atr": 0.00030062, "entry": null, "sl": null, "tp": null, "previous_A": 0.69718, "pending_cancelled": false, "a_candle_counts_as_move": true, "note": "A candle white -> counts as the move", "emitted_at": "2026-09-30 11:50:01"}
2026-09-30 11:55:01 candle 2026-09-30 11:50 O 0.69727 H 0.697645 L 0.697255 C 0.69762 bull
2026-09-30 12:00:01 candle 2026-09-30 11:55 O 0.69762 H 0.69773 L 0.6974 C 0.697485 bear
2026-09-30 12:00:01 EVENT {"type": "pending_placed", "symbol": "FOREXCOM:AUDUSD", "side": "BUY", "tf": "5m", "leg": 1, "candle_time_tehran": "2026-09-30 11:55", "candle_close_tehran": "2026-09-30 12:00", "candle_ts": 1790756700, "A": 0.69708, "atr": 0.00030062, "entry": 0.6977600621173298, "sl": 0.6974, "tp": [0.7013606832906273], "emitted_at": "2026-09-30 12:00:01"}
2026-09-30 12:00:01 TRADOR>> ENTRY | AUDUSD | BUY | STOP 0.69776 | SL 0.69740 | TP 0.70136 | DOUBLE no | REF AUDUSD20260930C0930R-2
2026-09-30 12:05:01 candle 2026-09-30 12:00 O 0.697485 H 0.697685 L 0.697405 C 0.697675 bull
2026-09-30 12:10:01 candle 2026-09-30 12:05 O 0.697675 H 0.697745 L 0.69748 C 0.6977 bull
2026-09-30 12:15:01 candle 2026-09-30 12:10 O 0.69767 H 0.697795 L 0.69761 C 0.69763 bear
2026-09-30 12:15:01 EVENT {"type": "triggered", "symbol": "FOREXCOM:AUDUSD", "side": "BUY", "tf": "5m", "leg": 1, "candle_time_tehran": "2026-09-30 12:10", "candle_close_tehran": "2026-09-30 12:15", "candle_ts": 1790757600, "A": 0.69708, "atr": 0.00030062, "entry": 0.6977600621173298, "sl": 0.6974, "tp": [0.7013606832906273], "fill_price": 0.6977600621173298, "positions": [{"entry": 0.6977600621173298, "sl": 0.6974, "tp": 0.7013606832906273, "rr": 10.0}], "entries_so_far": 1, "notes": [], "emitted_at": "2026-09-30 12:15:01"}
2026-09-30 12:15:01 EVENT {"type": "A_set", "symbol": "FOREXCOM:AUDUSD", "side": "BUY", "tf": "5m", "leg": 2, "candle_time_tehran": "2026-09-30 12:10", "candle_close_tehran": "2026-09-30 12:15", "candle_ts": 1790757600, "A": 0.6974, "atr": 0.00029516, "entry": null, "sl": null, "tp": null, "a_candle_counts_as_move": false, "note": "chain leg 2: A = SL of previous entry", "emitted_at": "2026-09-30 12:15:01"}
2026-09-30 12:15:01 ENTRY 2 TRIGGERED at 0.6977600621173298 (candle 2026-09-30 12:10)
2026-09-30 12:20:01 candle 2026-09-30 12:15 O 0.69763 H 0.69768 L 0.69755 C 0.697585 bear
2026-09-30 12:25:01 candle 2026-09-30 12:20 O 0.697585 H 0.697645 L 0.69736 C 0.69743 bear
2026-09-30 12:25:01 EVENT {"type": "A_reset", "symbol": "FOREXCOM:AUDUSD", "side": "BUY", "tf": "5m", "leg": 2, "candle_time_tehran": "2026-09-30 12:20", "candle_close_tehran": "2026-09-30 12:25", "candle_ts": 1790758200, "A": 0.69736, "atr": 0.00028348, "entry": null, "sl": null, "tp": null, "previous_A": 0.6974, "pending_cancelled": false, "a_candle_counts_as_move": false, "note": "A candle red", "emitted_at": "2026-09-30 12:25:01"}
2026-09-30 12:30:01 candle 2026-09-30 12:25 O 0.69743 H 0.69761 L 0.697375 C 0.697555 bull
2026-09-30 12:30:03 H1 close 2026-09-30 11:30 O 0.69765 H 0.697795 L 0.69708 C 0.697495
2026-09-30 12:35:01 candle 2026-09-30 12:30 O 0.697495 H 0.697565 L 0.69736 C 0.69752 bull
2026-09-30 12:40:01 candle 2026-09-30 12:35 O 0.69752 H 0.69755 L 0.696985 C 0.696995 bear
2026-09-30 12:40:01 EVENT {"type": "A_reset", "symbol": "FOREXCOM:AUDUSD", "side": "BUY", "tf": "5m", "leg": 2, "candle_time_tehran": "2026-09-30 12:35", "candle_close_tehran": "2026-09-30 12:40", "candle_ts": 1790759100, "A": 0.696985, "atr": 0.00029539, "entry": null, "sl": null, "tp": null, "previous_A": 0.69736, "pending_cancelled": false, "a_candle_counts_as_move": false, "note": "A candle red", "emitted_at": "2026-09-30 12:40:01"}
2026-09-30 12:45:01 candle 2026-09-30 12:40 O 0.696995 H 0.69717 L 0.696885 C 0.69717 bull
2026-09-30 12:45:01 EVENT {"type": "A_reset", "symbol": "FOREXCOM:AUDUSD", "side": "BUY", "tf": "5m", "leg": 2, "candle_time_tehran": "2026-09-30 12:40", "candle_close_tehran": "2026-09-30 12:45", "candle_ts": 1790759400, "A": 0.696885, "atr": 0.00029465, "entry": null, "sl": null, "tp": null, "previous_A": 0.696985, "pending_cancelled": false, "a_candle_counts_as_move": true, "note": "A candle white -> counts as the move", "emitted_at": "2026-09-30 12:45:01"}
2026-09-30 12:50:01 candle 2026-09-30 12:45 O 0.69717 H 0.697195 L 0.69688 C 0.696985 bear
2026-09-30 12:50:01 EVENT {"type": "A_reset", "symbol": "FOREXCOM:AUDUSD", "side": "BUY", "tf": "5m", "leg": 2, "candle_time_tehran": "2026-09-30 12:45", "candle_close_tehran": "2026-09-30 12:50", "candle_ts": 1790759700, "A": 0.69688, "atr": 0.00029611, "entry": null, "sl": null, "tp": null, "previous_A": 0.696885, "pending_cancelled": false, "a_candle_counts_as_move": false, "note": "A candle red", "emitted_at": "2026-09-30 12:50:01"}
2026-09-30 12:55:01 candle 2026-09-30 12:50 O 0.696955 H 0.697 L 0.69671 C 0.69678 bear
2026-09-30 12:55:01 EVENT {"type": "A_reset", "symbol": "FOREXCOM:AUDUSD", "side": "BUY", "tf": "5m", "leg": 2, "candle_time_tehran": "2026-09-30 12:50", "candle_close_tehran": "2026-09-30 12:55", "candle_ts": 1790760000, "A": 0.69671, "atr": 0.00029567, "entry": null, "sl": null, "tp": null, "previous_A": 0.69688, "pending_cancelled": false, "a_candle_counts_as_move": false, "note": "A candle red", "emitted_at": "2026-09-30 12:55:01"}
2026-09-30 13:00:01 candle 2026-09-30 12:55 O 0.696795 H 0.697095 L 0.696785 C 0.696925 bull
2026-09-30 13:05:01 candle 2026-09-30 13:00 O 0.696925 H 0.69717 L 0.696885 C 0.696995 bull
2026-09-30 13:10:01 candle 2026-09-30 13:05 O 0.696995 H 0.697035 L 0.69683 C 0.696865 bear
2026-09-30 13:10:01 EVENT {"type": "pending_placed", "symbol": "FOREXCOM:AUDUSD", "side": "BUY", "tf": "5m", "leg": 2, "candle_time_tehran": "2026-09-30 13:05", "candle_close_tehran": "2026-09-30 13:10", "candle_ts": 1790760900, "A": 0.69671, "atr": 0.00029567, "entry": 0.6970645669618575, "sl": 0.69683, "tp": [0.6994102365804328], "emitted_at": "2026-09-30 13:10:01"}
2026-09-30 13:10:01 TRADOR>> ENTRY | AUDUSD | BUY | STOP 0.69706 | SL 0.69683 | TP 0.69936 | DOUBLE no | REF AUDUSD20260930C0930R-3
2026-09-30 13:15:01 candle 2026-09-30 13:10 O 0.696855 H 0.69694 L 0.69677 C 0.6969 bull
2026-09-30 13:15:01 EVENT {"type": "pending_moved", "symbol": "FOREXCOM:AUDUSD", "side": "BUY", "tf": "5m", "leg": 2, "candle_time_tehran": "2026-09-30 13:10", "candle_close_tehran": "2026-09-30 13:15", "candle_ts": 1790761200, "A": 0.69671, "atr": 0.00029567, "entry": 0.6970645669618575, "sl": 0.69677, "tp": [0.7000102365804323], "previous_entry": 0.6970645669618575, "previous_sl": 0.69683, "reason": "low beyond SL", "emitted_at": "2026-09-30 13:15:01"}
2026-09-30 13:15:01 TRADOR>> MOVE | AUDUSD | REF AUDUSD20260930C0930R-3 | STOP 0.69706 | SL 0.69677 | TP 0.69996
2026-09-30 13:20:01 candle 2026-09-30 13:15 O 0.6969 H 0.696955 L 0.69677 C 0.696915 bull
2026-09-30 13:25:01 candle 2026-09-30 13:20 O 0.696915 H 0.69695 L 0.69678 C 0.696845 bear
2026-09-30 13:25:01 EVENT {"type": "pending_moved", "symbol": "FOREXCOM:AUDUSD", "side": "BUY", "tf": "5m", "leg": 2, "candle_time_tehran": "2026-09-30 13:20", "candle_close_tehran": "2026-09-30 13:25", "candle_ts": 1790761800, "A": 0.69671, "atr": 0.00029567, "entry": 0.6969795669618575, "sl": 0.69677, "tp": [0.6990752365804322], "previous_entry": 0.6970645669618575, "previous_sl": 0.69677, "reason": "new red candle", "emitted_at": "2026-09-30 13:25:01"}
2026-09-30 13:25:01 TRADOR>> MOVE | AUDUSD | REF AUDUSD20260930C0930R-3 | STOP 0.69698 | SL 0.69677 | TP 0.69908
2026-09-30 13:30:02 candle 2026-09-30 13:25 O 0.696845 H 0.697055 L 0.69682 C 0.697 bull
2026-09-30 13:30:02 EVENT {"type": "triggered", "symbol": "FOREXCOM:AUDUSD", "side": "BUY", "tf": "5m", "leg": 2, "candle_time_tehran": "2026-09-30 13:25", "candle_close_tehran": "2026-09-30 13:30", "candle_ts": 1790762100, "A": 0.69671, "atr": 0.00029567, "entry": 0.6969795669618575, "sl": 0.69677, "tp": [0.6990752365804322], "fill_price": 0.6969795669618575, "positions": [{"entry": 0.6969795669618575, "sl": 0.69677, "tp": 0.6990752365804322, "rr": 10.0}], "entries_so_far": 2, "notes": [], "emitted_at": "2026-09-30 13:30:02"}
2026-09-30 13:30:02 EVENT {"type": "done", "symbol": "FOREXCOM:AUDUSD", "side": "BUY", "tf": "5m", "leg": 2, "candle_time_tehran": "2026-09-30 13:25", "candle_close_tehran": "2026-09-30 13:30", "candle_ts": 1790762100, "A": 0.69671, "atr": 0.00029567, "entry": 0.6969795669618575, "sl": 0.69677, "tp": [0.6990752365804322], "reason": "all 2 entries triggered", "total_positions": 2, "emitted_at": "2026-09-30 13:30:02"}
2026-09-30 13:30:02 ENTRY 3 TRIGGERED at 0.6969795669618575 (candle 2026-09-30 13:25)
2026-09-30 13:30:02 FINISHED: ALL 2 ENTRIES TRIGGERED
