2026-09-30 11:32:03 start FOREXCOM:USDJPY BUY 5m dec=3 ref=USDJPY20260930C1030 base_stop=156.654 h1_invalid=156.666 run=USDJPY_BUY_5m_C1030 pid=1679540
2026-09-30 11:32:03 EVENT {"type": "A_set", "symbol": "FOREXCOM:USDJPY", "side": "BUY", "tf": "5m", "leg": 1, "candle_time_tehran": "2026-09-30 11:25", "candle_close_tehran": "2026-09-30 11:30", "candle_ts": 1790754900, "A": 156.848, "atr": 0.08531202, "entry": null, "sl": null, "tp": null, "a_candle_counts_as_move": true, "note": "reference low of order-time candle (white) -> counts as the move, next red candle places the stop", "emitted_at": "2026-09-30 11:32:03"}
2026-09-30 11:32:03 H1 baseline: last closed H1 2026-09-30 10:30 close 156.893
2026-09-30 11:35:01 candle 2026-09-30 11:30 O 156.893 H 156.9475 L 156.8575 C 156.897 bull
2026-09-30 11:40:02 candle 2026-09-30 11:35 O 156.898 H 156.9725 L 156.894 C 156.9285 bull
2026-09-30 11:45:02 candle 2026-09-30 11:40 O 156.9285 H 156.959 L 156.915 C 156.957 bull
2026-09-30 11:50:01 candle 2026-09-30 11:45 O 156.957 H 156.995 L 156.9155 C 156.9605 bull
2026-09-30 11:55:01 candle 2026-09-30 11:50 O 156.9605 H 156.98 L 156.9095 C 156.92 bear
2026-09-30 11:55:01 EVENT {"type": "pending_placed", "symbol": "FOREXCOM:USDJPY", "side": "BUY", "tf": "5m", "leg": 1, "candle_time_tehran": "2026-09-30 11:50", "candle_close_tehran": "2026-09-30 11:55", "candle_ts": 1790756400, "A": 156.848, "atr": 0.08531202, "entry": 156.98853120225206, "sl": 156.9095, "tp": [157.7788432247726], "emitted_at": "2026-09-30 11:55:01"}
2026-09-30 11:55:01 TRADOR>> ENTRY | USDJPY | BUY | STOP 156.989 | SL 156.910 | TP 157.779 | DOUBLE no | REF USDJPY20260930C1030-1
2026-09-30 12:00:02 candle 2026-09-30 11:55 O 156.92 H 156.9725 L 156.919 C 156.9465 bull
2026-09-30 12:05:01 candle 2026-09-30 12:00 O 156.9465 H 156.959 L 156.907 C 156.909 bear
2026-09-30 12:05:01 EVENT {"type": "pending_moved", "symbol": "FOREXCOM:USDJPY", "side": "BUY", "tf": "5m", "leg": 1, "candle_time_tehran": "2026-09-30 12:00", "candle_close_tehran": "2026-09-30 12:05", "candle_ts": 1790757000, "A": 156.848, "atr": 0.08531202, "entry": 156.96753120225208, "sl": 156.907, "tp": [157.57284322477273], "previous_entry": 156.98853120225206, "previous_sl": 156.9095, "reason": "new red candle", "emitted_at": "2026-09-30 12:05:01"}
2026-09-30 12:05:01 TRADOR>> MOVE | USDJPY | REF USDJPY20260930C1030-1 | STOP 156.968 | SL 156.907 | TP 157.578
2026-09-30 12:10:02 candle 2026-09-30 12:05 O 156.909 H 156.958 L 156.878 C 156.914 bull
2026-09-30 12:10:02 EVENT {"type": "pending_moved", "symbol": "FOREXCOM:USDJPY", "side": "BUY", "tf": "5m", "leg": 1, "candle_time_tehran": "2026-09-30 12:05", "candle_close_tehran": "2026-09-30 12:10", "candle_ts": 1790757300, "A": 156.848, "atr": 0.08531202, "entry": 156.96753120225208, "sl": 156.878, "tp": [157.86284322477297], "previous_entry": 156.96753120225208, "previous_sl": 156.907, "reason": "low beyond SL", "emitted_at": "2026-09-30 12:10:02"}
2026-09-30 12:10:02 TRADOR>> MOVE | USDJPY | REF USDJPY20260930C1030-1 | STOP 156.968 | SL 156.878 | TP 157.868
2026-09-30 12:15:02 candle 2026-09-30 12:10 O 156.914 H 156.9425 L 156.8825 C 156.9045 bear
2026-09-30 12:15:02 EVENT {"type": "pending_moved", "symbol": "FOREXCOM:USDJPY", "side": "BUY", "tf": "5m", "leg": 1, "candle_time_tehran": "2026-09-30 12:10", "candle_close_tehran": "2026-09-30 12:15", "candle_ts": 1790757600, "A": 156.848, "atr": 0.08531202, "entry": 156.95103120225207, "sl": 156.878, "tp": [157.6813432247729], "previous_entry": 156.96753120225208, "previous_sl": 156.878, "reason": "new red candle", "emitted_at": "2026-09-30 12:15:02"}
2026-09-30 12:15:02 TRADOR>> MOVE | USDJPY | REF USDJPY20260930C1030-1 | STOP 156.951 | SL 156.878 | TP 157.681
2026-09-30 12:20:01 candle 2026-09-30 12:15 O 156.9045 H 156.9205 L 156.864 C 156.892 bear
2026-09-30 12:20:01 EVENT {"type": "pending_moved", "symbol": "FOREXCOM:USDJPY", "side": "BUY", "tf": "5m", "leg": 1, "candle_time_tehran": "2026-09-30 12:15", "candle_close_tehran": "2026-09-30 12:20", "candle_ts": 1790757900, "A": 156.848, "atr": 0.08531202, "entry": 156.92903120225208, "sl": 156.864, "tp": [157.5793432247728], "previous_entry": 156.95103120225207, "previous_sl": 156.878, "reason": "new red candle", "emitted_at": "2026-09-30 12:20:01"}
2026-09-30 12:20:01 TRADOR>> MOVE | USDJPY | REF USDJPY20260930C1030-1 | STOP 156.929 | SL 156.864 | TP 157.579
2026-09-30 12:25:01 candle 2026-09-30 12:20 O 156.892 H 156.993 L 156.8705 C 156.973 bull
2026-09-30 12:25:01 EVENT {"type": "triggered", "symbol": "FOREXCOM:USDJPY", "side": "BUY", "tf": "5m", "leg": 1, "candle_time_tehran": "2026-09-30 12:20", "candle_close_tehran": "2026-09-30 12:25", "candle_ts": 1790758200, "A": 156.848, "atr": 0.08531202, "entry": 156.92903120225208, "sl": 156.864, "tp": [157.5793432247728], "fill_price": 156.92903120225208, "positions": [{"entry": 156.92903120225208, "sl": 156.864, "tp": 157.5793432247728, "rr": 10.0}], "entries_so_far": 1, "notes": [], "emitted_at": "2026-09-30 12:25:01"}
2026-09-30 12:25:01 EVENT {"type": "A_set", "symbol": "FOREXCOM:USDJPY", "side": "BUY", "tf": "5m", "leg": 2, "candle_time_tehran": "2026-09-30 12:20", "candle_close_tehran": "2026-09-30 12:25", "candle_ts": 1790758200, "A": 156.864, "atr": 0.07821028, "entry": null, "sl": null, "tp": null, "a_candle_counts_as_move": true, "note": "chain leg 2: A = SL of previous entry (trigger candle white -> counts as the move)", "emitted_at": "2026-09-30 12:25:01"}
2026-09-30 12:25:01 ENTRY 1 TRIGGERED at 156.92903120225208 (candle 2026-09-30 12:20)
2026-09-30 12:30:02 candle 2026-09-30 12:25 O 156.973 H 157.005 L 156.915 C 156.9685 bear
2026-09-30 12:30:02 EVENT {"type": "pending_placed", "symbol": "FOREXCOM:USDJPY", "side": "BUY", "tf": "5m", "leg": 2, "candle_time_tehran": "2026-09-30 12:25", "candle_close_tehran": "2026-09-30 12:30", "candle_ts": 1790758500, "A": 156.864, "atr": 0.07821028, "entry": 157.01282102842765, "sl": 156.915, "tp": [157.99103131270425], "emitted_at": "2026-09-30 12:30:02"}
2026-09-30 12:30:02 TRADOR>> ENTRY | USDJPY | BUY | STOP 157.013 | SL 156.915 | TP 157.993 | DOUBLE no | REF USDJPY20260930C1030-2
2026-09-30 12:30:02 H1 close 2026-09-30 11:30 O 156.893 H 157.005 L 156.8575 C 156.9685
2026-09-30 12:35:02 candle 2026-09-30 12:30 O 156.9685 H 157.045 L 156.9685 C 156.9945 bull
2026-09-30 12:35:02 EVENT {"type": "triggered", "symbol": "FOREXCOM:USDJPY", "side": "BUY", "tf": "5m", "leg": 2, "candle_time_tehran": "2026-09-30 12:30", "candle_close_tehran": "2026-09-30 12:35", "candle_ts": 1790758800, "A": 156.864, "atr": 0.07821028, "entry": 157.01282102842765, "sl": 156.915, "tp": [157.99103131270425], "fill_price": 157.01282102842765, "positions": [{"entry": 157.01282102842765, "sl": 156.915, "tp": 157.99103131270425, "rr": 10.0}], "entries_so_far": 2, "notes": [], "emitted_at": "2026-09-30 12:35:02"}
2026-09-30 12:35:02 EVENT {"type": "done", "symbol": "FOREXCOM:USDJPY", "side": "BUY", "tf": "5m", "leg": 2, "candle_time_tehran": "2026-09-30 12:30", "candle_close_tehran": "2026-09-30 12:35", "candle_ts": 1790758800, "A": 156.864, "atr": 0.07821028, "entry": 157.01282102842765, "sl": 156.915, "tp": [157.99103131270425], "reason": "all 2 entries triggered", "total_positions": 2, "emitted_at": "2026-09-30 12:35:02"}
2026-09-30 12:35:02 ENTRY 2 TRIGGERED at 157.01282102842765 (candle 2026-09-30 12:30)
2026-09-30 12:35:02 FINISHED: ALL 2 ENTRIES TRIGGERED
