2026-09-30 13:13:05 start FOREXCOM:USDJPY BUY 5m dec=3 ref=USDJPY20260930C1030R base_stop=156.654 h1_invalid=156.666 run=USDJPY_BUY_5m_C1030R pid=1727939
2026-09-30 13:13:05 EVENT {"type": "A_set", "symbol": "FOREXCOM:USDJPY", "side": "BUY", "tf": "5m", "leg": 1, "candle_time_tehran": "2026-09-30 13:05", "candle_close_tehran": "2026-09-30 13:10", "candle_ts": 1790760900, "A": 157.0555, "atr": 0.07026281, "entry": null, "sl": null, "tp": null, "a_candle_counts_as_move": true, "note": "reference low of order-time candle (white) -> counts as the move, next red candle places the stop", "emitted_at": "2026-09-30 13:13:05"}
2026-09-30 13:13:05 H1 baseline: last closed H1 2026-09-30 11:30 close 156.9685
2026-09-30 13:15:01 candle 2026-09-30 13:10 O 157.081 H 157.089 L 157.0435 C 157.0615 bear
2026-09-30 13:15:01 EVENT {"type": "A_reset", "symbol": "FOREXCOM:USDJPY", "side": "BUY", "tf": "5m", "leg": 1, "candle_time_tehran": "2026-09-30 13:10", "candle_close_tehran": "2026-09-30 13:15", "candle_ts": 1790761200, "A": 157.0435, "atr": 0.06849404, "entry": null, "sl": null, "tp": null, "previous_A": 157.0555, "pending_cancelled": false, "a_candle_counts_as_move": false, "note": "A candle red", "emitted_at": "2026-09-30 13:15:01"}
2026-09-30 13:20:01 candle 2026-09-30 13:15 O 157.0615 H 157.094 L 157.0435 C 157.0585 bear
2026-09-30 13:25:01 candle 2026-09-30 13:20 O 157.0585 H 157.069 L 157.04 C 157.047 bear
2026-09-30 13:25:01 EVENT {"type": "A_reset", "symbol": "FOREXCOM:USDJPY", "side": "BUY", "tf": "5m", "leg": 1, "candle_time_tehran": "2026-09-30 13:20", "candle_close_tehran": "2026-09-30 13:25", "candle_ts": 1790761800, "A": 157.04, "atr": 0.06447956, "entry": null, "sl": null, "tp": null, "previous_A": 157.0435, "pending_cancelled": false, "a_candle_counts_as_move": false, "note": "A candle red", "emitted_at": "2026-09-30 13:25:01"}
2026-09-30 13:30:01 candle 2026-09-30 13:25 O 157.047 H 157.067 L 157.032 C 157.0645 bull
2026-09-30 13:30:01 EVENT {"type": "A_reset", "symbol": "FOREXCOM:USDJPY", "side": "BUY", "tf": "5m", "leg": 1, "candle_time_tehran": "2026-09-30 13:25", "candle_close_tehran": "2026-09-30 13:30", "candle_ts": 1790762100, "A": 157.032, "atr": 0.06237387, "entry": null, "sl": null, "tp": null, "previous_A": 157.04, "pending_cancelled": false, "a_candle_counts_as_move": true, "note": "A candle white -> counts as the move", "emitted_at": "2026-09-30 13:30:01"}
2026-09-30 13:30:02 H1 close 2026-09-30 12:30 O 156.9685 H 157.1045 L 156.959 C 157.0645
2026-09-30 13:35:03 candle 2026-09-30 13:30 O 157.0645 H 157.0665 L 156.911 C 156.9475 bear
2026-09-30 13:35:03 EVENT {"type": "A_reset", "symbol": "FOREXCOM:USDJPY", "side": "BUY", "tf": "5m", "leg": 1, "candle_time_tehran": "2026-09-30 13:30", "candle_close_tehran": "2026-09-30 13:35", "candle_ts": 1790762400, "A": 156.911, "atr": 0.06902574, "entry": null, "sl": null, "tp": null, "previous_A": 157.032, "pending_cancelled": false, "a_candle_counts_as_move": false, "note": "A candle red", "emitted_at": "2026-09-30 13:35:03"}
2026-09-30 13:40:02 candle 2026-09-30 13:35 O 156.9475 H 156.96 L 156.897 C 156.9595 bull
2026-09-30 13:40:02 EVENT {"type": "A_reset", "symbol": "FOREXCOM:USDJPY", "side": "BUY", "tf": "5m", "leg": 1, "candle_time_tehran": "2026-09-30 13:35", "candle_close_tehran": "2026-09-30 13:40", "candle_ts": 1790762700, "A": 156.897, "atr": 0.06859533, "entry": null, "sl": null, "tp": null, "previous_A": 156.911, "pending_cancelled": false, "a_candle_counts_as_move": true, "note": "A candle white -> counts as the move", "emitted_at": "2026-09-30 13:40:02"}
2026-09-30 13:45:02 candle 2026-09-30 13:40 O 156.9595 H 156.967 L 156.884 C 156.933 bear
2026-09-30 13:45:02 EVENT {"type": "A_reset", "symbol": "FOREXCOM:USDJPY", "side": "BUY", "tf": "5m", "leg": 1, "candle_time_tehran": "2026-09-30 13:40", "candle_close_tehran": "2026-09-30 13:45", "candle_ts": 1790763000, "A": 156.884, "atr": 0.06962423, "entry": null, "sl": null, "tp": null, "previous_A": 156.897, "pending_cancelled": false, "a_candle_counts_as_move": false, "note": "A candle red", "emitted_at": "2026-09-30 13:45:02"}
2026-09-30 13:50:02 candle 2026-09-30 13:45 O 156.933 H 156.9655 L 156.8995 C 156.9475 bull
2026-09-30 13:55:02 candle 2026-09-30 13:50 O 156.9475 H 156.988 L 156.9175 C 156.937 bear
2026-09-30 13:55:02 EVENT {"type": "pending_placed", "symbol": "FOREXCOM:USDJPY", "side": "BUY", "tf": "5m", "leg": 1, "candle_time_tehran": "2026-09-30 13:50", "candle_close_tehran": "2026-09-30 13:55", "candle_ts": 1790763600, "A": 156.884, "atr": 0.06962423, "entry": 156.99496242346416, "sl": 156.9175, "tp": [157.76958665810585], "emitted_at": "2026-09-30 13:55:02"}
2026-09-30 13:55:02 TRADOR>> ENTRY | USDJPY | BUY | STOP 156.995 | SL 156.917 | TP 157.775 | DOUBLE no | REF USDJPY20260930C1030R-1
2026-09-30 14:00:03 candle 2026-09-30 13:55 O 156.937 H 156.9625 L 156.9185 C 156.933 bear
2026-09-30 14:00:03 EVENT {"type": "pending_moved", "symbol": "FOREXCOM:USDJPY", "side": "BUY", "tf": "5m", "leg": 1, "candle_time_tehran": "2026-09-30 13:55", "candle_close_tehran": "2026-09-30 14:00", "candle_ts": 1790763900, "A": 156.884, "atr": 0.06962423, "entry": 156.96946242346417, "sl": 156.9175, "tp": [157.48908665810592], "previous_entry": 156.99496242346416, "previous_sl": 156.9175, "reason": "new red candle", "emitted_at": "2026-09-30 14:00:03"}
2026-09-30 14:00:03 TRADOR>> MOVE | USDJPY | REF USDJPY20260930C1030R-1 | STOP 156.969 | SL 156.917 | TP 157.489
2026-09-30 14:05:02 candle 2026-09-30 14:00 O 156.933 H 156.965 L 156.916 C 156.948 bull
2026-09-30 14:05:02 EVENT {"type": "pending_moved", "symbol": "FOREXCOM:USDJPY", "side": "BUY", "tf": "5m", "leg": 1, "candle_time_tehran": "2026-09-30 14:00", "candle_close_tehran": "2026-09-30 14:05", "candle_ts": 1790764200, "A": 156.884, "atr": 0.06962423, "entry": 156.96946242346417, "sl": 156.916, "tp": [157.50408665810585], "previous_entry": 156.96946242346417, "previous_sl": 156.9175, "reason": "low beyond SL", "emitted_at": "2026-09-30 14:05:02"}
2026-09-30 14:05:02 TRADOR>> MOVE | USDJPY | REF USDJPY20260930C1030R-1 | STOP 156.969 | SL 156.916 | TP 157.499
2026-09-30 14:10:02 candle 2026-09-30 14:05 O 156.948 H 156.966 L 156.9325 C 156.939 bear
2026-09-30 14:10:02 EVENT {"type": "pending_moved", "symbol": "FOREXCOM:USDJPY", "side": "BUY", "tf": "5m", "leg": 1, "candle_time_tehran": "2026-09-30 14:05", "candle_close_tehran": "2026-09-30 14:10", "candle_ts": 1790764500, "A": 156.884, "atr": 0.06962423, "entry": 156.97296242346417, "sl": 156.916, "tp": [157.54258665810588], "previous_entry": 156.96946242346417, "previous_sl": 156.916, "reason": "new red candle", "emitted_at": "2026-09-30 14:10:02"}
2026-09-30 14:10:02 TRADOR>> MOVE | USDJPY | REF USDJPY20260930C1030R-1 | STOP 156.973 | SL 156.916 | TP 157.543
2026-09-30 14:15:02 candle 2026-09-30 14:10 O 156.939 H 157.009 L 156.937 C 157.0055 bull
2026-09-30 14:15:02 EVENT {"type": "triggered", "symbol": "FOREXCOM:USDJPY", "side": "BUY", "tf": "5m", "leg": 1, "candle_time_tehran": "2026-09-30 14:10", "candle_close_tehran": "2026-09-30 14:15", "candle_ts": 1790764800, "A": 156.884, "atr": 0.06962423, "entry": 156.97296242346417, "sl": 156.916, "tp": [157.54258665810588], "fill_price": 156.97296242346417, "positions": [{"entry": 156.97296242346417, "sl": 156.916, "tp": 157.54258665810588, "rr": 10.0}], "entries_so_far": 1, "notes": [], "emitted_at": "2026-09-30 14:15:02"}
2026-09-30 14:15:02 EVENT {"type": "done", "symbol": "FOREXCOM:USDJPY", "side": "BUY", "tf": "5m", "leg": 1, "candle_time_tehran": "2026-09-30 14:10", "candle_close_tehran": "2026-09-30 14:15", "candle_ts": 1790764800, "A": 156.884, "atr": 0.06962423, "entry": 156.97296242346417, "sl": 156.916, "tp": [157.54258665810588], "reason": "all 1 entry triggered", "total_positions": 1, "emitted_at": "2026-09-30 14:15:02"}
2026-09-30 14:15:02 ENTRY 1 TRIGGERED at 156.97296242346417 (candle 2026-09-30 14:10)
2026-09-30 14:15:02 FINISHED: ALL 1 ENTRIES TRIGGERED
