2026-09-30 07:32:18 start SAXO:XAUUSD BUY 5m dec=2 ref=XAUUSD20260930C0630 base_stop=4171.56 h1_invalid=4172.6 run=XAUUSD_BUY_5m_C0630 pid=1565189
2026-09-30 07:32:19 EVENT {"type": "A_set", "symbol": "SAXO:XAUUSD", "side": "BUY", "tf": "5m", "leg": 1, "candle_time_tehran": "2026-09-30 07:25", "candle_close_tehran": "2026-09-30 07:30", "candle_ts": 1790740500, "A": 4172.525, "atr": 3.32674138, "entry": null, "sl": null, "tp": null, "a_candle_counts_as_move": false, "note": "reference low of order-time candle (red)", "emitted_at": "2026-09-30 07:32:19"}
2026-09-30 07:32:19 H1 baseline: last closed H1 2026-09-30 06:30 close 4172.78
2026-09-30 07:35:02 candle 2026-09-30 07:30 O 4172.78 H 4176.195 L 4172.66 C 4175.815 bull
2026-09-30 07:40:01 candle 2026-09-30 07:35 O 4175.815 H 4176.265 L 4172.215 C 4172.955 bear
2026-09-30 07:40:01 EVENT {"type": "A_reset", "symbol": "SAXO:XAUUSD", "side": "BUY", "tf": "5m", "leg": 1, "candle_time_tehran": "2026-09-30 07:35", "candle_close_tehran": "2026-09-30 07:40", "candle_ts": 1790741100, "A": 4172.215, "atr": 3.39221578, "entry": null, "sl": null, "tp": null, "previous_A": 4172.525, "pending_cancelled": false, "a_candle_counts_as_move": false, "note": "A candle red", "emitted_at": "2026-09-30 07:40:01"}
2026-09-30 07:45:01 candle 2026-09-30 07:40 O 4172.97 H 4173.9 L 4172.115 C 4173.76 bull
2026-09-30 07:45:01 EVENT {"type": "A_reset", "symbol": "SAXO:XAUUSD", "side": "BUY", "tf": "5m", "leg": 1, "candle_time_tehran": "2026-09-30 07:40", "candle_close_tehran": "2026-09-30 07:45", "candle_ts": 1790741400, "A": 4172.115, "atr": 3.27741466, "entry": null, "sl": null, "tp": null, "previous_A": 4172.215, "pending_cancelled": false, "a_candle_counts_as_move": true, "note": "A candle white -> counts as the move", "emitted_at": "2026-09-30 07:45:01"}
2026-09-30 07:50:01 candle 2026-09-30 07:45 O 4173.79 H 4178.015 L 4173.71 C 4176.955 bull
2026-09-30 07:55:01 candle 2026-09-30 07:50 O 4176.955 H 4177.855 L 4176.47 C 4177.505 bull
2026-09-30 08:00:01 candle 2026-09-30 07:55 O 4177.505 H 4179.39 L 4177.255 C 4177.715 bull
2026-09-30 08:05:01 candle 2026-09-30 08:00 O 4177.555 H 4178.815 L 4177.16 C 4178.545 bull
2026-09-30 08:10:01 candle 2026-09-30 08:05 O 4178.54 H 4183.375 L 4178.525 C 4182.87 bull
2026-09-30 08:15:02 candle 2026-09-30 08:10 O 4182.74 H 4184.95 L 4180.965 C 4181.04 bear
2026-09-30 08:15:02 EVENT {"type": "pending_placed", "symbol": "SAXO:XAUUSD", "side": "BUY", "tf": "5m", "leg": 1, "candle_time_tehran": "2026-09-30 08:10", "candle_close_tehran": "2026-09-30 08:15", "candle_ts": 1790743200, "A": 4172.115, "atr": 3.27741466, "entry": 4185.277741465589, "sl": 4180.965, "tp": [4228.405156121481], "emitted_at": "2026-09-30 08:15:02"}
2026-09-30 08:15:02 TRADOR>> ENTRY | XAUUSD | BUY | STOP 4185.28 | SL 4180.97 | TP 4228.38 | DOUBLE no | REF XAUUSD20260930C0630-1
2026-09-30 08:20:01 candle 2026-09-30 08:15 O 4181.04 H 4181.7 L 4178.34 C 4178.63 bear
2026-09-30 08:20:01 EVENT {"type": "pending_moved", "symbol": "SAXO:XAUUSD", "side": "BUY", "tf": "5m", "leg": 1, "candle_time_tehran": "2026-09-30 08:15", "candle_close_tehran": "2026-09-30 08:20", "candle_ts": 1790743500, "A": 4172.115, "atr": 3.27741466, "entry": 4182.027741465589, "sl": 4178.34, "tp": [4218.905156121481], "previous_entry": 4185.277741465589, "previous_sl": 4180.965, "reason": "new red candle", "emitted_at": "2026-09-30 08:20:01"}
2026-09-30 08:20:01 TRADOR>> MOVE | XAUUSD | REF XAUUSD20260930C0630-1 | STOP 4182.03 | SL 4178.34 | TP 4218.93
2026-09-30 08:25:01 candle 2026-09-30 08:20 O 4178.7 H 4179.17 L 4177.455 C 4178.645 bear
2026-09-30 08:25:01 EVENT {"type": "pending_moved", "symbol": "SAXO:XAUUSD", "side": "BUY", "tf": "5m", "leg": 1, "candle_time_tehran": "2026-09-30 08:20", "candle_close_tehran": "2026-09-30 08:25", "candle_ts": 1790743800, "A": 4172.115, "atr": 3.27741466, "entry": 4179.49774146559, "sl": 4177.455, "tp": [4199.925156121486], "previous_entry": 4182.027741465589, "previous_sl": 4178.34, "reason": "new red candle", "emitted_at": "2026-09-30 08:25:01"}
2026-09-30 08:25:01 TRADOR>> MOVE | XAUUSD | REF XAUUSD20260930C0630-1 | STOP 4179.50 | SL 4177.45 | TP 4200.00
2026-09-30 08:30:02 candle 2026-09-30 08:25 O 4178.65 H 4179.12 L 4177.795 C 4178.945 bull
2026-09-30 08:30:03 H1 close 2026-09-30 07:30 O 4172.78 H 4184.95 L 4172.115 C 4178.945
