2026-09-30 06:32:09 start SAXO:XAUUSD SELL 5m dec=2 ref=XAUUSD20260930C0530 base_stop=4184.48 h1_invalid=4182.31 run=XAUUSD_SELL_5m_C0530 pid=1537250
2026-09-30 06:32:09 EVENT {"type": "A_set", "symbol": "SAXO:XAUUSD", "side": "SELL", "tf": "5m", "leg": 1, "candle_time_tehran": "2026-09-30 06:25", "candle_close_tehran": "2026-09-30 06:30", "candle_ts": 1790736900, "A": 4182.73, "atr": 3.73850283, "entry": null, "sl": null, "tp": null, "a_candle_counts_as_move": true, "note": "reference high of order-time candle (red) -> counts as the move, next white candle places the stop", "emitted_at": "2026-09-30 06:32:09"}
2026-09-30 06:32:09 H1 baseline: last closed H1 2026-09-30 05:30 close 4179.405
2026-09-30 06:35:06 candle 2026-09-30 06:30 O 4179.28 H 4182.265 L 4179.28 C 4181.955 bull
2026-09-30 06:35:06 EVENT {"type": "pending_placed", "symbol": "SAXO:XAUUSD", "side": "SELL", "tf": "5m", "leg": 1, "candle_time_tehran": "2026-09-30 06:30", "candle_close_tehran": "2026-09-30 06:35", "candle_ts": 1790737200, "A": 4182.73, "atr": 3.73850283, "entry": 4178.906149717262, "sl": 4182.265, "tp": [4145.317646889884], "emitted_at": "2026-09-30 06:35:06"}
2026-09-30 06:35:06 TRADOR>> ENTRY | XAUUSD | SELL | STOP 4178.91 | SL 4182.27 | TP 4145.31 | DOUBLE no | REF XAUUSD20260930C0530-1
2026-09-30 06:40:01 candle 2026-09-30 06:35 O 4181.745 H 4181.865 L 4179.59 C 4180.48 bear
2026-09-30 06:45:01 candle 2026-09-30 06:40 O 4180.48 H 4180.695 L 4177.675 C 4178.285 bear
2026-09-30 06:45:01 EVENT {"type": "triggered", "symbol": "SAXO:XAUUSD", "side": "SELL", "tf": "5m", "leg": 1, "candle_time_tehran": "2026-09-30 06:40", "candle_close_tehran": "2026-09-30 06:45", "candle_ts": 1790737800, "A": 4182.73, "atr": 3.73850283, "entry": 4178.906149717262, "sl": 4182.265, "tp": [4145.317646889884], "fill_price": 4178.906149717262, "positions": [{"entry": 4178.906149717262, "sl": 4182.265, "tp": 4145.317646889884, "rr": 10.0}], "entries_so_far": 1, "notes": [], "emitted_at": "2026-09-30 06:45:01"}
2026-09-30 06:45:01 EVENT {"type": "A_set", "symbol": "SAXO:XAUUSD", "side": "SELL", "tf": "5m", "leg": 2, "candle_time_tehran": "2026-09-30 06:40", "candle_close_tehran": "2026-09-30 06:45", "candle_ts": 1790737800, "A": 4182.265, "atr": 3.54967409, "entry": null, "sl": null, "tp": null, "a_candle_counts_as_move": true, "note": "chain leg 2: A = SL of previous entry (trigger candle red -> counts as the move)", "emitted_at": "2026-09-30 06:45:01"}
2026-09-30 06:45:01 ENTRY 1 TRIGGERED at 4178.906149717262 (candle 2026-09-30 06:40)
2026-09-30 06:50:01 candle 2026-09-30 06:45 O 4178.31 H 4180.335 L 4177.145 C 4180.125 bull
2026-09-30 06:50:01 EVENT {"type": "pending_placed", "symbol": "SAXO:XAUUSD", "side": "SELL", "tf": "5m", "leg": 2, "candle_time_tehran": "2026-09-30 06:45", "candle_close_tehran": "2026-09-30 06:50", "candle_ts": 1790738100, "A": 4182.265, "atr": 3.54967409, "entry": 4176.79003259068, "sl": 4180.335, "tp": [4141.340358497483], "emitted_at": "2026-09-30 06:50:01"}
2026-09-30 06:50:01 TRADOR>> ENTRY | XAUUSD | SELL | STOP 4176.79 | SL 4180.34 | TP 4141.29 | DOUBLE no | REF XAUUSD20260930C0530-2
2026-09-30 06:55:01 candle 2026-09-30 06:50 O 4180.12 H 4180.53 L 4178.18 C 4179.58 bear
2026-09-30 06:55:01 EVENT {"type": "pending_moved", "symbol": "SAXO:XAUUSD", "side": "SELL", "tf": "5m", "leg": 2, "candle_time_tehran": "2026-09-30 06:50", "candle_close_tehran": "2026-09-30 06:55", "candle_ts": 1790738400, "A": 4182.265, "atr": 3.54967409, "entry": 4176.79003259068, "sl": 4180.53, "tp": [4139.390358497486], "previous_entry": 4176.79003259068, "previous_sl": 4180.335, "reason": "high beyond SL", "emitted_at": "2026-09-30 06:55:01"}
2026-09-30 06:55:01 TRADOR>> MOVE | XAUUSD | REF XAUUSD20260930C0530-2 | STOP 4176.79 | SL 4180.53 | TP 4139.39
2026-09-30 07:00:01 candle 2026-09-30 06:55 O 4179.58 H 4180.97 L 4178.54 C 4180.97 bull
2026-09-30 07:00:01 EVENT {"type": "pending_moved", "symbol": "SAXO:XAUUSD", "side": "SELL", "tf": "5m", "leg": 2, "candle_time_tehran": "2026-09-30 06:55", "candle_close_tehran": "2026-09-30 07:00", "candle_ts": 1790738700, "A": 4182.265, "atr": 3.54967409, "entry": 4178.18503259068, "sl": 4180.97, "tp": [4150.335358497476], "previous_entry": 4176.79003259068, "previous_sl": 4180.53, "reason": "new white candle", "emitted_at": "2026-09-30 07:00:01"}
2026-09-30 07:00:01 TRADOR>> MOVE | XAUUSD | REF XAUUSD20260930C0530-2 | STOP 4178.19 | SL 4180.97 | TP 4150.39
2026-09-30 07:05:01 candle 2026-09-30 07:00 O 4181.01 H 4181.03 L 4174.96 C 4175.485 bear
2026-09-30 07:05:01 EVENT {"type": "triggered", "symbol": "SAXO:XAUUSD", "side": "SELL", "tf": "5m", "leg": 2, "candle_time_tehran": "2026-09-30 07:00", "candle_close_tehran": "2026-09-30 07:05", "candle_ts": 1790739000, "A": 4182.265, "atr": 3.54967409, "entry": 4178.18503259068, "sl": 4180.97, "tp": [4150.335358497476], "fill_price": 4178.18503259068, "positions": [{"entry": 4178.18503259068, "sl": 4180.97, "tp": 4150.335358497476, "rr": 10.0}], "entries_so_far": 2, "notes": ["info: same candle also reached SL"], "emitted_at": "2026-09-30 07:05:01"}
2026-09-30 07:05:01 EVENT {"type": "done", "symbol": "SAXO:XAUUSD", "side": "SELL", "tf": "5m", "leg": 2, "candle_time_tehran": "2026-09-30 07:00", "candle_close_tehran": "2026-09-30 07:05", "candle_ts": 1790739000, "A": 4182.265, "atr": 3.54967409, "entry": 4178.18503259068, "sl": 4180.97, "tp": [4150.335358497476], "reason": "all 2 entries triggered", "total_positions": 2, "emitted_at": "2026-09-30 07:05:01"}
2026-09-30 07:05:01 ENTRY 2 TRIGGERED at 4178.18503259068 (candle 2026-09-30 07:00)
2026-09-30 07:05:01 FINISHED: ALL 2 ENTRIES TRIGGERED
